WARNING: Comparing a bigint and a double may result in a loss of precision.
WARNING: Comparing a bigint and a double may result in a loss of precision.
PREHOOK: query: EXPLAIN VECTORIZATION DETAIL
SELECT STDDEV_SAMP(csmallint),
       (STDDEV_SAMP(csmallint) - 10.175),
       STDDEV_POP(ctinyint),
       (STDDEV_SAMP(csmallint) * (STDDEV_SAMP(csmallint) - 10.175)),
       (-(STDDEV_POP(ctinyint))),
       (STDDEV_SAMP(csmallint) % 79.553),
       (-((STDDEV_SAMP(csmallint) * (STDDEV_SAMP(csmallint) - 10.175)))),
       STDDEV_SAMP(cfloat),
       (-(STDDEV_SAMP(csmallint))),
       SUM(cfloat),
       ((-((STDDEV_SAMP(csmallint) * (STDDEV_SAMP(csmallint) - 10.175)))) / (STDDEV_SAMP(csmallint) - 10.175)),
       (-((STDDEV_SAMP(csmallint) - 10.175))),
       AVG(cint),
       (-3728 - STDDEV_SAMP(csmallint)),
       STDDEV_POP(cint),
       (AVG(cint) / STDDEV_SAMP(cfloat))
FROM   alltypesparquet
WHERE  (((cint <= cfloat)
         AND ((79.553 != cbigint)
              AND (ctimestamp2 = -29071)))
        OR ((cbigint > cdouble)
            AND ((79.553 <= csmallint)
                 AND (ctimestamp1 > ctimestamp2))))
PREHOOK: type: QUERY
PREHOOK: Input: default@alltypesparquet
#### A masked pattern was here ####
POSTHOOK: query: EXPLAIN VECTORIZATION DETAIL
SELECT STDDEV_SAMP(csmallint),
       (STDDEV_SAMP(csmallint) - 10.175),
       STDDEV_POP(ctinyint),
       (STDDEV_SAMP(csmallint) * (STDDEV_SAMP(csmallint) - 10.175)),
       (-(STDDEV_POP(ctinyint))),
       (STDDEV_SAMP(csmallint) % 79.553),
       (-((STDDEV_SAMP(csmallint) * (STDDEV_SAMP(csmallint) - 10.175)))),
       STDDEV_SAMP(cfloat),
       (-(STDDEV_SAMP(csmallint))),
       SUM(cfloat),
       ((-((STDDEV_SAMP(csmallint) * (STDDEV_SAMP(csmallint) - 10.175)))) / (STDDEV_SAMP(csmallint) - 10.175)),
       (-((STDDEV_SAMP(csmallint) - 10.175))),
       AVG(cint),
       (-3728 - STDDEV_SAMP(csmallint)),
       STDDEV_POP(cint),
       (AVG(cint) / STDDEV_SAMP(cfloat))
FROM   alltypesparquet
WHERE  (((cint <= cfloat)
         AND ((79.553 != cbigint)
              AND (ctimestamp2 = -29071)))
        OR ((cbigint > cdouble)
            AND ((79.553 <= csmallint)
                 AND (ctimestamp1 > ctimestamp2))))
POSTHOOK: type: QUERY
POSTHOOK: Input: default@alltypesparquet
#### A masked pattern was here ####
PLAN VECTORIZATION:
  enabled: true
  enabledConditionsMet: [hive.vectorized.execution.enabled IS true]

STAGE DEPENDENCIES:
  Stage-1 is a root stage
  Stage-0 depends on stages: Stage-1

STAGE PLANS:
  Stage: Stage-1
    Spark
      Edges:
        Reducer 2 <- Map 1 (GROUP, 1)
#### A masked pattern was here ####
      Vertices:
        Map 1 
            Map Operator Tree:
                TableScan
                  alias: alltypesparquet
                  Statistics: Num rows: 12288 Data size: 147456 Basic stats: COMPLETE Column stats: NONE
                  TableScan Vectorization:
                      native: true
                      projectedOutputColumns: [0, 1, 2, 3, 4, 5, 6, 7, 8, 9, 10, 11]
                  Filter Operator
                    Filter Vectorization:
                        className: VectorFilterOperator
                        native: true
                        predicateExpression: FilterExprOrExpr(children: FilterExprAndExpr(children: FilterDoubleColLessEqualDoubleColumn(col 12, col 4)(children: CastLongToFloatViaLongToDouble(col 2) -> 12:float), FilterDoubleScalarNotEqualDoubleColumn(val 79.553, col 12)(children: CastLongToDouble(col 3) -> 12:double), FilterDoubleColEqualDoubleScalar(col 12, val -29071.0)(children: CastTimestampToDouble(col 9) -> 12:double)), FilterExprAndExpr(children: FilterDoubleColGreaterDoubleColumn(col 12, col 5)(children: CastLongToDouble(col 3) -> 12:double), FilterDoubleScalarLessEqualDoubleColumn(val 79.553, col 12)(children: CastLongToDouble(col 1) -> 12:double), FilterTimestampColGreaterTimestampColumn(col 8, col 9)))
                    predicate: (((UDFToFloat(cint) <= cfloat) and (79.553 <> UDFToDouble(cbigint)) and (UDFToDouble(ctimestamp2) = -29071.0)) or ((UDFToDouble(cbigint) > cdouble) and (79.553 <= UDFToDouble(csmallint)) and (ctimestamp1 > ctimestamp2))) (type: boolean)
                    Statistics: Num rows: 2503 Data size: 30036 Basic stats: COMPLETE Column stats: NONE
                    Select Operator
                      expressions: ctinyint (type: tinyint), csmallint (type: smallint), cint (type: int), cfloat (type: float)
                      outputColumnNames: ctinyint, csmallint, cint, cfloat
                      Select Vectorization:
                          className: VectorSelectOperator
                          native: true
                          projectedOutputColumns: [0, 1, 2, 4]
                      Statistics: Num rows: 2503 Data size: 30036 Basic stats: COMPLETE Column stats: NONE
                      Group By Operator
                        aggregations: stddev_samp(csmallint), stddev_pop(ctinyint), stddev_samp(cfloat), sum(cfloat), avg(cint), stddev_pop(cint)
                        Group By Vectorization:
                            aggregators: VectorUDAFStdSampLong(col 1) -> struct<count:bigint,sum:double,variance:double>, VectorUDAFStdPopLong(col 0) -> struct<count:bigint,sum:double,variance:double>, VectorUDAFStdSampDouble(col 4) -> struct<count:bigint,sum:double,variance:double>, VectorUDAFSumDouble(col 4) -> double, VectorUDAFAvgLong(col 2) -> struct<count:bigint,sum:double>, VectorUDAFStdPopLong(col 2) -> struct<count:bigint,sum:double,variance:double>
                            className: VectorGroupByOperator
                            vectorOutput: false
                            native: false
                            projectedOutputColumns: [0, 1, 2, 3, 4, 5]
                            vectorOutputConditionsNotMet: Vector output of VectorUDAFStdSampLong(col 1) -> struct<count:bigint,sum:double,variance:double> output type STRUCT requires PRIMITIVE IS false, Vector output of VectorUDAFStdPopLong(col 0) -> struct<count:bigint,sum:double,variance:double> output type STRUCT requires PRIMITIVE IS false, Vector output of VectorUDAFStdSampDouble(col 4) -> struct<count:bigint,sum:double,variance:double> output type STRUCT requires PRIMITIVE IS false, Vector output of VectorUDAFAvgLong(col 2) -> struct<count:bigint,sum:double> output type STRUCT requires PRIMITIVE IS false, Vector output of VectorUDAFStdPopLong(col 2) -> struct<count:bigint,sum:double,variance:double> output type STRUCT requires PRIMITIVE IS false
                        mode: hash
                        outputColumnNames: _col0, _col1, _col2, _col3, _col4, _col5
                        Statistics: Num rows: 1 Data size: 404 Basic stats: COMPLETE Column stats: NONE
                        Reduce Output Operator
                          sort order: 
                          Statistics: Num rows: 1 Data size: 404 Basic stats: COMPLETE Column stats: NONE
                          value expressions: _col0 (type: struct<count:bigint,sum:double,variance:double>), _col1 (type: struct<count:bigint,sum:double,variance:double>), _col2 (type: struct<count:bigint,sum:double,variance:double>), _col3 (type: double), _col4 (type: struct<count:bigint,sum:double,input:int>), _col5 (type: struct<count:bigint,sum:double,variance:double>)
            Execution mode: vectorized
            Map Vectorization:
                enabled: true
                enabledConditionsMet: hive.vectorized.use.vectorized.input.format IS true
                groupByVectorOutput: false
                inputFileFormats: org.apache.hadoop.hive.ql.io.parquet.MapredParquetInputFormat
                allNative: false
                usesVectorUDFAdaptor: false
                vectorized: true
                rowBatchContext:
                    dataColumnCount: 12
                    includeColumns: [0, 1, 2, 3, 4, 5, 8, 9]
                    dataColumns: ctinyint:tinyint, csmallint:smallint, cint:int, cbigint:bigint, cfloat:float, cdouble:double, cstring1:string, cstring2:string, ctimestamp1:timestamp, ctimestamp2:timestamp, cboolean1:boolean, cboolean2:boolean
                    partitionColumnCount: 0
                    scratchColumnTypeNames: Double
        Reducer 2 
            Reduce Vectorization:
                enabled: true
                enableConditionsMet: hive.vectorized.execution.reduce.enabled IS true, hive.execution.engine spark IN [tez, spark] IS true
                notVectorizedReason: Aggregation Function UDF stddev_samp parameter expression for GROUPBY operator: Data type struct<count:bigint,sum:double,variance:double> of Column[VALUE._col0] not supported
                vectorized: false
            Reduce Operator Tree:
              Group By Operator
                aggregations: stddev_samp(VALUE._col0), stddev_pop(VALUE._col1), stddev_samp(VALUE._col2), sum(VALUE._col3), avg(VALUE._col4), stddev_pop(VALUE._col5)
                mode: mergepartial
                outputColumnNames: _col0, _col1, _col2, _col3, _col4, _col5
                Statistics: Num rows: 1 Data size: 404 Basic stats: COMPLETE Column stats: NONE
                Select Operator
                  expressions: _col0 (type: double), (_col0 - 10.175) (type: double), _col1 (type: double), (_col0 * (_col0 - 10.175)) (type: double), (- _col1) (type: double), (_col0 % 79.553) (type: double), (- (_col0 * (_col0 - 10.175))) (type: double), _col2 (type: double), (- _col0) (type: double), _col3 (type: double), ((- (_col0 * (_col0 - 10.175))) / (_col0 - 10.175)) (type: double), (- (_col0 - 10.175)) (type: double), _col4 (type: double), (-3728.0 - _col0) (type: double), _col5 (type: double), (_col4 / _col2) (type: double)
                  outputColumnNames: _col0, _col1, _col2, _col3, _col4, _col5, _col6, _col7, _col8, _col9, _col10, _col11, _col12, _col13, _col14, _col15
                  Statistics: Num rows: 1 Data size: 404 Basic stats: COMPLETE Column stats: NONE
                  File Output Operator
                    compressed: false
                    Statistics: Num rows: 1 Data size: 404 Basic stats: COMPLETE Column stats: NONE
                    table:
                        input format: org.apache.hadoop.mapred.SequenceFileInputFormat
                        output format: org.apache.hadoop.hive.ql.io.HiveSequenceFileOutputFormat
                        serde: org.apache.hadoop.hive.serde2.lazy.LazySimpleSerDe

  Stage: Stage-0
    Fetch Operator
      limit: -1
      Processor Tree:
        ListSink

WARNING: Comparing a bigint and a double may result in a loss of precision.
WARNING: Comparing a bigint and a double may result in a loss of precision.
PREHOOK: query: SELECT STDDEV_SAMP(csmallint),
       (STDDEV_SAMP(csmallint) - 10.175),
       STDDEV_POP(ctinyint),
       (STDDEV_SAMP(csmallint) * (STDDEV_SAMP(csmallint) - 10.175)),
       (-(STDDEV_POP(ctinyint))),
       (STDDEV_SAMP(csmallint) % 79.553),
       (-((STDDEV_SAMP(csmallint) * (STDDEV_SAMP(csmallint) - 10.175)))),
       STDDEV_SAMP(cfloat),
       (-(STDDEV_SAMP(csmallint))),
       SUM(cfloat),
       ((-((STDDEV_SAMP(csmallint) * (STDDEV_SAMP(csmallint) - 10.175)))) / (STDDEV_SAMP(csmallint) - 10.175)),
       (-((STDDEV_SAMP(csmallint) - 10.175))),
       AVG(cint),
       (-3728 - STDDEV_SAMP(csmallint)),
       STDDEV_POP(cint),
       (AVG(cint) / STDDEV_SAMP(cfloat))
FROM   alltypesparquet
WHERE  (((cint <= cfloat)
         AND ((79.553 != cbigint)
              AND (ctimestamp2 = -29071)))
        OR ((cbigint > cdouble)
            AND ((79.553 <= csmallint)
                 AND (ctimestamp1 > ctimestamp2))))
PREHOOK: type: QUERY
PREHOOK: Input: default@alltypesparquet
#### A masked pattern was here ####
POSTHOOK: query: SELECT STDDEV_SAMP(csmallint),
       (STDDEV_SAMP(csmallint) - 10.175),
       STDDEV_POP(ctinyint),
       (STDDEV_SAMP(csmallint) * (STDDEV_SAMP(csmallint) - 10.175)),
       (-(STDDEV_POP(ctinyint))),
       (STDDEV_SAMP(csmallint) % 79.553),
       (-((STDDEV_SAMP(csmallint) * (STDDEV_SAMP(csmallint) - 10.175)))),
       STDDEV_SAMP(cfloat),
       (-(STDDEV_SAMP(csmallint))),
       SUM(cfloat),
       ((-((STDDEV_SAMP(csmallint) * (STDDEV_SAMP(csmallint) - 10.175)))) / (STDDEV_SAMP(csmallint) - 10.175)),
       (-((STDDEV_SAMP(csmallint) - 10.175))),
       AVG(cint),
       (-3728 - STDDEV_SAMP(csmallint)),
       STDDEV_POP(cint),
       (AVG(cint) / STDDEV_SAMP(cfloat))
FROM   alltypesparquet
WHERE  (((cint <= cfloat)
         AND ((79.553 != cbigint)
              AND (ctimestamp2 = -29071)))
        OR ((cbigint > cdouble)
            AND ((79.553 <= csmallint)
                 AND (ctimestamp1 > ctimestamp2))))
POSTHOOK: type: QUERY
POSTHOOK: Input: default@alltypesparquet
#### A masked pattern was here ####
0.0	-10.175	34.287285216637066	-0.0	-34.287285216637066	0.0	0.0	34.34690095515641	-0.0	197.89499950408936	-0.0	10.175	NULL	-3728.0	NULL	NULL
