PREHOOK: query: explain vectorization detail
select 
  csmallint,
  case 
    when csmallint = 418 then "a"
    when csmallint = 12205 then "b"
    else "c"
  end,
  case csmallint
    when 418 then "a"
    when 12205 then "b"
    else "c"
  end
from alltypesorc
where csmallint = 418
or csmallint = 12205
or csmallint = 10583
PREHOOK: type: QUERY
PREHOOK: Input: default@alltypesorc
#### A masked pattern was here ####
POSTHOOK: query: explain vectorization detail
select 
  csmallint,
  case 
    when csmallint = 418 then "a"
    when csmallint = 12205 then "b"
    else "c"
  end,
  case csmallint
    when 418 then "a"
    when 12205 then "b"
    else "c"
  end
from alltypesorc
where csmallint = 418
or csmallint = 12205
or csmallint = 10583
POSTHOOK: type: QUERY
POSTHOOK: Input: default@alltypesorc
#### A masked pattern was here ####
PLAN VECTORIZATION:
  enabled: true
  enabledConditionsMet: [hive.vectorized.execution.enabled IS true]

STAGE DEPENDENCIES:
  Stage-1 is a root stage
  Stage-0 depends on stages: Stage-1

STAGE PLANS:
  Stage: Stage-1
    Map Reduce
      Map Operator Tree:
          TableScan
            alias: alltypesorc
            Statistics: Num rows: 12288 Data size: 2641964 Basic stats: COMPLETE Column stats: NONE
            TableScan Vectorization:
                native: true
                projectedOutputColumns: [0, 1, 2, 3, 4, 5, 6, 7, 8, 9, 10, 11]
            Filter Operator
              Filter Vectorization:
                  className: VectorFilterOperator
                  native: true
                  predicateExpression: FilterExprOrExpr(children: FilterLongColEqualLongScalar(col 1, val 418), FilterLongColEqualLongScalar(col 1, val 12205), FilterLongColEqualLongScalar(col 1, val 10583))
              predicate: ((csmallint = 418) or (csmallint = 12205) or (csmallint = 10583)) (type: boolean)
              Statistics: Num rows: 12288 Data size: 2641964 Basic stats: COMPLETE Column stats: NONE
              Select Operator
                expressions: csmallint (type: smallint), CASE WHEN ((csmallint = 418)) THEN ('a') WHEN ((csmallint = 12205)) THEN ('b') ELSE ('c') END (type: string), CASE WHEN ((csmallint = 418)) THEN ('a') WHEN ((csmallint = 12205)) THEN ('b') ELSE ('c') END (type: string)
                outputColumnNames: _col0, _col1, _col2
                Select Vectorization:
                    className: VectorSelectOperator
                    native: true
                    projectedOutputColumns: [1, 14, 15]
                    selectExpressions: VectorUDFAdaptor(CASE WHEN ((csmallint = 418)) THEN ('a') WHEN ((csmallint = 12205)) THEN ('b') ELSE ('c') END)(children: LongColEqualLongScalar(col 1, val 418) -> 12:boolean, LongColEqualLongScalar(col 1, val 12205) -> 13:boolean) -> 14:string, VectorUDFAdaptor(CASE WHEN ((csmallint = 418)) THEN ('a') WHEN ((csmallint = 12205)) THEN ('b') ELSE ('c') END)(children: LongColEqualLongScalar(col 1, val 418) -> 12:boolean, LongColEqualLongScalar(col 1, val 12205) -> 13:boolean) -> 15:string
                Statistics: Num rows: 12288 Data size: 2641964 Basic stats: COMPLETE Column stats: NONE
                File Output Operator
                  compressed: false
                  File Sink Vectorization:
                      className: VectorFileSinkOperator
                      native: false
                  Statistics: Num rows: 12288 Data size: 2641964 Basic stats: COMPLETE Column stats: NONE
                  table:
                      input format: org.apache.hadoop.mapred.SequenceFileInputFormat
                      output format: org.apache.hadoop.hive.ql.io.HiveSequenceFileOutputFormat
                      serde: org.apache.hadoop.hive.serde2.lazy.LazySimpleSerDe
      Execution mode: vectorized
      Map Vectorization:
          enabled: true
          enabledConditionsMet: hive.vectorized.use.vectorized.input.format IS true
          groupByVectorOutput: true
          inputFileFormats: org.apache.hadoop.hive.ql.io.orc.OrcInputFormat
          allNative: false
          usesVectorUDFAdaptor: true
          vectorized: true
          rowBatchContext:
              dataColumnCount: 12
              includeColumns: [1]
              dataColumns: ctinyint:tinyint, csmallint:smallint, cint:int, cbigint:bigint, cfloat:float, cdouble:double, cstring1:string, cstring2:string, ctimestamp1:timestamp, ctimestamp2:timestamp, cboolean1:boolean, cboolean2:boolean
              partitionColumnCount: 0
              scratchColumnTypeNames: bigint, bigint, String, String

  Stage: Stage-0
    Fetch Operator
      limit: -1
      Processor Tree:
        ListSink

PREHOOK: query: select 
  csmallint,
  case 
    when csmallint = 418 then "a"
    when csmallint = 12205 then "b"
    else "c"
  end,
  case csmallint
    when 418 then "a"
    when 12205 then "b"
    else "c"
  end
from alltypesorc
where csmallint = 418
or csmallint = 12205
or csmallint = 10583
PREHOOK: type: QUERY
PREHOOK: Input: default@alltypesorc
#### A masked pattern was here ####
POSTHOOK: query: select 
  csmallint,
  case 
    when csmallint = 418 then "a"
    when csmallint = 12205 then "b"
    else "c"
  end,
  case csmallint
    when 418 then "a"
    when 12205 then "b"
    else "c"
  end
from alltypesorc
where csmallint = 418
or csmallint = 12205
or csmallint = 10583
POSTHOOK: type: QUERY
POSTHOOK: Input: default@alltypesorc
#### A masked pattern was here ####
12205	b	b
10583	c	c
418	a	a
12205	b	b
PREHOOK: query: explain vectorization detail
select 
  csmallint,
  case 
    when csmallint = 418 then "a"
    when csmallint = 12205 then "b"
    else null
  end,
  case csmallint
    when 418 then "a"
    when 12205 then null
    else "c"
  end
from alltypesorc
where csmallint = 418
or csmallint = 12205
or csmallint = 10583
PREHOOK: type: QUERY
PREHOOK: Input: default@alltypesorc
#### A masked pattern was here ####
POSTHOOK: query: explain vectorization detail
select 
  csmallint,
  case 
    when csmallint = 418 then "a"
    when csmallint = 12205 then "b"
    else null
  end,
  case csmallint
    when 418 then "a"
    when 12205 then null
    else "c"
  end
from alltypesorc
where csmallint = 418
or csmallint = 12205
or csmallint = 10583
POSTHOOK: type: QUERY
POSTHOOK: Input: default@alltypesorc
#### A masked pattern was here ####
PLAN VECTORIZATION:
  enabled: true
  enabledConditionsMet: [hive.vectorized.execution.enabled IS true]

STAGE DEPENDENCIES:
  Stage-1 is a root stage
  Stage-0 depends on stages: Stage-1

STAGE PLANS:
  Stage: Stage-1
    Map Reduce
      Map Operator Tree:
          TableScan
            alias: alltypesorc
            Statistics: Num rows: 12288 Data size: 2641964 Basic stats: COMPLETE Column stats: NONE
            TableScan Vectorization:
                native: true
                projectedOutputColumns: [0, 1, 2, 3, 4, 5, 6, 7, 8, 9, 10, 11]
            Filter Operator
              Filter Vectorization:
                  className: VectorFilterOperator
                  native: true
                  predicateExpression: FilterExprOrExpr(children: FilterLongColEqualLongScalar(col 1, val 418), FilterLongColEqualLongScalar(col 1, val 12205), FilterLongColEqualLongScalar(col 1, val 10583))
              predicate: ((csmallint = 418) or (csmallint = 12205) or (csmallint = 10583)) (type: boolean)
              Statistics: Num rows: 12288 Data size: 2641964 Basic stats: COMPLETE Column stats: NONE
              Select Operator
                expressions: csmallint (type: smallint), CASE WHEN ((csmallint = 418)) THEN ('a') WHEN ((csmallint = 12205)) THEN ('b') ELSE (null) END (type: string), CASE WHEN ((csmallint = 418)) THEN ('a') WHEN ((csmallint = 12205)) THEN (null) ELSE ('c') END (type: string)
                outputColumnNames: _col0, _col1, _col2
                Select Vectorization:
                    className: VectorSelectOperator
                    native: true
                    projectedOutputColumns: [1, 14, 15]
                    selectExpressions: VectorUDFAdaptor(CASE WHEN ((csmallint = 418)) THEN ('a') WHEN ((csmallint = 12205)) THEN ('b') ELSE (null) END)(children: LongColEqualLongScalar(col 1, val 418) -> 12:boolean, LongColEqualLongScalar(col 1, val 12205) -> 13:boolean) -> 14:string, VectorUDFAdaptor(CASE WHEN ((csmallint = 418)) THEN ('a') WHEN ((csmallint = 12205)) THEN (null) ELSE ('c') END)(children: LongColEqualLongScalar(col 1, val 418) -> 12:boolean, LongColEqualLongScalar(col 1, val 12205) -> 13:boolean) -> 15:string
                Statistics: Num rows: 12288 Data size: 2641964 Basic stats: COMPLETE Column stats: NONE
                File Output Operator
                  compressed: false
                  File Sink Vectorization:
                      className: VectorFileSinkOperator
                      native: false
                  Statistics: Num rows: 12288 Data size: 2641964 Basic stats: COMPLETE Column stats: NONE
                  table:
                      input format: org.apache.hadoop.mapred.SequenceFileInputFormat
                      output format: org.apache.hadoop.hive.ql.io.HiveSequenceFileOutputFormat
                      serde: org.apache.hadoop.hive.serde2.lazy.LazySimpleSerDe
      Execution mode: vectorized
      Map Vectorization:
          enabled: true
          enabledConditionsMet: hive.vectorized.use.vectorized.input.format IS true
          groupByVectorOutput: true
          inputFileFormats: org.apache.hadoop.hive.ql.io.orc.OrcInputFormat
          allNative: false
          usesVectorUDFAdaptor: true
          vectorized: true
          rowBatchContext:
              dataColumnCount: 12
              includeColumns: [1]
              dataColumns: ctinyint:tinyint, csmallint:smallint, cint:int, cbigint:bigint, cfloat:float, cdouble:double, cstring1:string, cstring2:string, ctimestamp1:timestamp, ctimestamp2:timestamp, cboolean1:boolean, cboolean2:boolean
              partitionColumnCount: 0
              scratchColumnTypeNames: bigint, bigint, String, String

  Stage: Stage-0
    Fetch Operator
      limit: -1
      Processor Tree:
        ListSink

PREHOOK: query: select count(*), sum(a.ceven)
from (
select
  case when cint % 2 = 0 then 1 else 0 end as ceven
from alltypesorc) a
PREHOOK: type: QUERY
PREHOOK: Input: default@alltypesorc
#### A masked pattern was here ####
POSTHOOK: query: select count(*), sum(a.ceven)
from (
select
  case when cint % 2 = 0 then 1 else 0 end as ceven
from alltypesorc) a
POSTHOOK: type: QUERY
POSTHOOK: Input: default@alltypesorc
#### A masked pattern was here ####
12288	4086
PREHOOK: query: select count(*)
from (
select
  (case when cint % 2 = 0 then 1 else 0 end) as ceven
from alltypesorc
where (case when cint % 2 = 0 then 1 else 0 end) = 0) a
PREHOOK: type: QUERY
PREHOOK: Input: default@alltypesorc
#### A masked pattern was here ####
POSTHOOK: query: select count(*)
from (
select
  (case when cint % 2 = 0 then 1 else 0 end) as ceven
from alltypesorc
where (case when cint % 2 = 0 then 1 else 0 end) = 0) a
POSTHOOK: type: QUERY
POSTHOOK: Input: default@alltypesorc
#### A masked pattern was here ####
8202
PREHOOK: query: select count(*)
from (
select
  (case when cint % 2 = 0 then 1 else 0 end) as ceven
from alltypesorc
where (case when cint % 2 = 0 then 1 else 0 end) = 0 AND cint is NOT NULL) a
PREHOOK: type: QUERY
PREHOOK: Input: default@alltypesorc
#### A masked pattern was here ####
POSTHOOK: query: select count(*)
from (
select
  (case when cint % 2 = 0 then 1 else 0 end) as ceven
from alltypesorc
where (case when cint % 2 = 0 then 1 else 0 end) = 0 AND cint is NOT NULL) a
POSTHOOK: type: QUERY
POSTHOOK: Input: default@alltypesorc
#### A masked pattern was here ####
5087
PREHOOK: query: select count(*)
from (
select
  (case when cint % 2 = 0 then 1 else 0 end) as ceven
from alltypesorc
where (case when cint % 2 = 0 then 1 else 0 end) = 1) a
PREHOOK: type: QUERY
PREHOOK: Input: default@alltypesorc
#### A masked pattern was here ####
POSTHOOK: query: select count(*)
from (
select
  (case when cint % 2 = 0 then 1 else 0 end) as ceven
from alltypesorc
where (case when cint % 2 = 0 then 1 else 0 end) = 1) a
POSTHOOK: type: QUERY
POSTHOOK: Input: default@alltypesorc
#### A masked pattern was here ####
4086
PREHOOK: query: select count(*)
from (
select
  (case when cint % 2 = 0 then 1 else 0 end) as ceven
from alltypesorc
where (case when cint % 2 = 0 then 1 else 0 end) = 1 AND cint is NOT NULL) a
PREHOOK: type: QUERY
PREHOOK: Input: default@alltypesorc
#### A masked pattern was here ####
POSTHOOK: query: select count(*)
from (
select
  (case when cint % 2 = 0 then 1 else 0 end) as ceven
from alltypesorc
where (case when cint % 2 = 0 then 1 else 0 end) = 1 AND cint is NOT NULL) a
POSTHOOK: type: QUERY
POSTHOOK: Input: default@alltypesorc
#### A masked pattern was here ####
4086
PREHOOK: query: select count(*)
from (
select
  (case when cint % 2 = 0 then 1 else 0 end) as ceven
from alltypesorc
where cint is null) a
PREHOOK: type: QUERY
PREHOOK: Input: default@alltypesorc
#### A masked pattern was here ####
POSTHOOK: query: select count(*)
from (
select
  (case when cint % 2 = 0 then 1 else 0 end) as ceven
from alltypesorc
where cint is null) a
POSTHOOK: type: QUERY
POSTHOOK: Input: default@alltypesorc
#### A masked pattern was here ####
3115
PREHOOK: query: select count(*), sum(a.ceven)
from (
select
  case when cint % 2 = 0 then cint else 0 end as ceven
from alltypesorc) a
PREHOOK: type: QUERY
PREHOOK: Input: default@alltypesorc
#### A masked pattern was here ####
POSTHOOK: query: select count(*), sum(a.ceven)
from (
select
  case when cint % 2 = 0 then cint else 0 end as ceven
from alltypesorc) a
POSTHOOK: type: QUERY
POSTHOOK: Input: default@alltypesorc
#### A masked pattern was here ####
12288	248718130534
PREHOOK: query: select count(*)
from (
select
  (case when cint % 2 = 0 then cint else 0 end) as ceven
from alltypesorc
where (case when cint % 2 = 0 then cint else 0 end) = 0) a
PREHOOK: type: QUERY
PREHOOK: Input: default@alltypesorc
#### A masked pattern was here ####
POSTHOOK: query: select count(*)
from (
select
  (case when cint % 2 = 0 then cint else 0 end) as ceven
from alltypesorc
where (case when cint % 2 = 0 then cint else 0 end) = 0) a
POSTHOOK: type: QUERY
POSTHOOK: Input: default@alltypesorc
#### A masked pattern was here ####
8202
PREHOOK: query: select count(*)
from (
select
  (case when cint % 2 = 0 then cint else 0 end) as ceven
from alltypesorc
where (case when cint % 2 = 0 then cint else 0 end) = 0 AND cint is NOT NULL) a
PREHOOK: type: QUERY
PREHOOK: Input: default@alltypesorc
#### A masked pattern was here ####
POSTHOOK: query: select count(*)
from (
select
  (case when cint % 2 = 0 then cint else 0 end) as ceven
from alltypesorc
where (case when cint % 2 = 0 then cint else 0 end) = 0 AND cint is NOT NULL) a
POSTHOOK: type: QUERY
POSTHOOK: Input: default@alltypesorc
#### A masked pattern was here ####
5087
PREHOOK: query: select count(*)
from (
select
  (case when cint % 2 = 0 then cint else 0 end) as ceven
from alltypesorc
where (case when cint % 2 = 0 then cint else 0 end) = cint) a
PREHOOK: type: QUERY
PREHOOK: Input: default@alltypesorc
#### A masked pattern was here ####
POSTHOOK: query: select count(*)
from (
select
  (case when cint % 2 = 0 then cint else 0 end) as ceven
from alltypesorc
where (case when cint % 2 = 0 then cint else 0 end) = cint) a
POSTHOOK: type: QUERY
POSTHOOK: Input: default@alltypesorc
#### A masked pattern was here ####
4086
PREHOOK: query: select count(*)
from (
select
  (case when cint % 2 = 0 then cint else 0 end) as ceven
from alltypesorc
where (case when cint % 2 = 0 then cint else 0 end) = cint AND cint is NOT NULL) a
PREHOOK: type: QUERY
PREHOOK: Input: default@alltypesorc
#### A masked pattern was here ####
POSTHOOK: query: select count(*)
from (
select
  (case when cint % 2 = 0 then cint else 0 end) as ceven
from alltypesorc
where (case when cint % 2 = 0 then cint else 0 end) = cint AND cint is NOT NULL) a
POSTHOOK: type: QUERY
POSTHOOK: Input: default@alltypesorc
#### A masked pattern was here ####
4086
PREHOOK: query: select count(*)
from (
select
  (case when cint % 2 = 0 then cint else 0 end) as ceven
from alltypesorc
where cint is null) a
PREHOOK: type: QUERY
PREHOOK: Input: default@alltypesorc
#### A masked pattern was here ####
POSTHOOK: query: select count(*)
from (
select
  (case when cint % 2 = 0 then cint else 0 end) as ceven
from alltypesorc
where cint is null) a
POSTHOOK: type: QUERY
POSTHOOK: Input: default@alltypesorc
#### A masked pattern was here ####
3115
