Authorization failed:No privilege 'Create' found for outputs { database:default}. Use SHOW GRANT to get more details.
